I'm sorry, but errors were detected in your script. Please correct the
errors listed below, and try again.


File "game/screens.rpy", line 2024: for expects a non-empty block.
    for my_protector in my_protectors_map.values():
                                                   ^

Ren'Py Version: Ren'Py 8.4.1.25072401
Thu Aug 14 17:44:19 2025
